Classic Timing Analyzer report for comparator4bit
Sat Dec 05 18:23:21 2020
Quartus II Version 9.0 Build 184 04/29/2009 Service Pack 1 SJ Web Edition


---------------------
; Table of Contents ;
---------------------
  1. Legal Notice
  2. Timing Analyzer Summary
  3. Timing Analyzer Settings
  4. Parallel Compilation
  5. tpd
  6. Timing Analyzer Messages



----------------
; Legal Notice ;
----------------
Copyright (C) 1991-2009 Altera Corporation
Your use of Altera Corporation's design tools, logic functions 
and other software and tools, and its AMPP partner logic 
functions, and any output files from any of the foregoing 
(including device programming or simulation files), and any 
associated documentation or information are expressly subject 
to the terms and conditions of the Altera Program License 
Subscription Agreement, Altera MegaCore Function License 
Agreement, or other applicable license agreement, including, 
without limitation, that your use is for the sole purpose of 
programming logic devices manufactured by Altera and sold by 
Altera or its authorized distributors.  Please refer to the 
applicable agreement for further details.



+-----------------------------------------------------------------------------------------------------------------------+
; Timing Analyzer Summary                                                                                               ;
+------------------------------+-------+---------------+-------------+------+----+------------+----------+--------------+
; Type                         ; Slack ; Required Time ; Actual Time ; From ; To ; From Clock ; To Clock ; Failed Paths ;
+------------------------------+-------+---------------+-------------+------+----+------------+----------+--------------+
; Worst-case tpd               ; N/A   ; None          ; 10.592 ns   ; a[0] ; eq ; --         ; --       ; 0            ;
; Total number of failed paths ;       ;               ;             ;      ;    ;            ;          ; 0            ;
+------------------------------+-------+---------------+-------------+------+----+------------+----------+--------------+


+--------------------------------------------------------------------------------------------------------------------+
; Timing Analyzer Settings                                                                                           ;
+---------------------------------------------------------------------+--------------------+------+----+-------------+
; Option                                                              ; Setting            ; From ; To ; Entity Name ;
+---------------------------------------------------------------------+--------------------+------+----+-------------+
; Device Name                                                         ; EP2S15F484C3       ;      ;    ;             ;
; Timing Models                                                       ; Final              ;      ;    ;             ;
; Default hold multicycle                                             ; Same as Multicycle ;      ;    ;             ;
; Cut paths between unrelated clock domains                           ; On                 ;      ;    ;             ;
; Cut off read during write signal paths                              ; On                 ;      ;    ;             ;
; Cut off feedback from I/O pins                                      ; On                 ;      ;    ;             ;
; Report Combined Fast/Slow Timing                                    ; Off                ;      ;    ;             ;
; Ignore Clock Settings                                               ; Off                ;      ;    ;             ;
; Analyze latches as synchronous elements                             ; On                 ;      ;    ;             ;
; Enable Recovery/Removal analysis                                    ; Off                ;      ;    ;             ;
; Enable Clock Latency                                                ; Off                ;      ;    ;             ;
; Use TimeQuest Timing Analyzer                                       ; Off                ;      ;    ;             ;
; Number of source nodes to report per destination node               ; 10                 ;      ;    ;             ;
; Number of destination nodes to report                               ; 10                 ;      ;    ;             ;
; Number of paths to report                                           ; 200                ;      ;    ;             ;
; Report Minimum Timing Checks                                        ; Off                ;      ;    ;             ;
; Use Fast Timing Models                                              ; Off                ;      ;    ;             ;
; Report IO Paths Separately                                          ; Off                ;      ;    ;             ;
; Perform Multicorner Analysis                                        ; On                 ;      ;    ;             ;
; Reports the worst-case path for each clock domain and analysis      ; Off                ;      ;    ;             ;
; Removes common clock path pessimism (CCPP) during slack computation ; Off                ;      ;    ;             ;
; Output I/O Timing Endpoint                                          ; Near End           ;      ;    ;             ;
+---------------------------------------------------------------------+--------------------+------+----+-------------+


Parallel compilation was disabled, but you have multiple processors available. Enable parallel compilation to reduce compilation time.
+-------------------------------------+
; Parallel Compilation                ;
+----------------------------+--------+
; Processors                 ; Number ;
+----------------------------+--------+
; Number detected on machine ; 2      ;
; Maximum allowed            ; 1      ;
+----------------------------+--------+


+---------------------------------------------------------+
; tpd                                                     ;
+-------+-------------------+-----------------+------+----+
; Slack ; Required P2P Time ; Actual P2P Time ; From ; To ;
+-------+-------------------+-----------------+------+----+
; N/A   ; None              ; 10.592 ns       ; a[0] ; eq ;
; N/A   ; None              ; 10.369 ns       ; a[1] ; eq ;
; N/A   ; None              ; 10.312 ns       ; a[0] ; gr ;
; N/A   ; None              ; 10.307 ns       ; b[1] ; eq ;
; N/A   ; None              ; 10.137 ns       ; a[2] ; eq ;
; N/A   ; None              ; 10.089 ns       ; a[1] ; gr ;
; N/A   ; None              ; 10.027 ns       ; b[1] ; gr ;
; N/A   ; None              ; 9.982 ns        ; a[3] ; eq ;
; N/A   ; None              ; 9.932 ns        ; b[0] ; eq ;
; N/A   ; None              ; 9.895 ns        ; a[0] ; le ;
; N/A   ; None              ; 9.866 ns        ; a[3] ; gr ;
; N/A   ; None              ; 9.857 ns        ; a[2] ; gr ;
; N/A   ; None              ; 9.672 ns        ; a[1] ; le ;
; N/A   ; None              ; 9.652 ns        ; b[0] ; gr ;
; N/A   ; None              ; 9.610 ns        ; b[1] ; le ;
; N/A   ; None              ; 9.505 ns        ; b[2] ; eq ;
; N/A   ; None              ; 9.449 ns        ; a[3] ; le ;
; N/A   ; None              ; 9.440 ns        ; a[2] ; le ;
; N/A   ; None              ; 9.431 ns        ; b[3] ; eq ;
; N/A   ; None              ; 9.235 ns        ; b[0] ; le ;
; N/A   ; None              ; 9.225 ns        ; b[2] ; gr ;
; N/A   ; None              ; 9.151 ns        ; b[3] ; gr ;
; N/A   ; None              ; 8.808 ns        ; b[2] ; le ;
; N/A   ; None              ; 8.734 ns        ; b[3] ; le ;
+-------+-------------------+-----------------+------+----+


+--------------------------+
; Timing Analyzer Messages ;
+--------------------------+
Info: *******************************************************************
Info: Running Quartus II Classic Timing Analyzer
    Info: Version 9.0 Build 184 04/29/2009 Service Pack 1 SJ Web Edition
    Info: Processing started: Sat Dec 05 18:23:21 2020
Info: Command: quartus_tan --read_settings_files=off --write_settings_files=off comparator4bit -c comparator4bit --timing_analysis_only
Info: Longest tpd from source pin "a[0]" to destination pin "eq" is 10.592 ns
    Info: 1: + IC(0.000 ns) + CELL(0.847 ns) = 0.847 ns; Loc. = PIN_Y8; Fanout = 2; PIN Node = 'a[0]'
    Info: 2: + IC(4.766 ns) + CELL(0.346 ns) = 5.959 ns; Loc. = LCCOMB_X29_Y20_N18; Fanout = 1; COMB Node = 'Equal0~0'
    Info: 3: + IC(0.200 ns) + CELL(0.225 ns) = 6.384 ns; Loc. = LCCOMB_X29_Y20_N20; Fanout = 3; COMB Node = 'Equal0~1'
    Info: 4: + IC(2.210 ns) + CELL(1.998 ns) = 10.592 ns; Loc. = PIN_AA11; Fanout = 0; PIN Node = 'eq'
    Info: Total cell delay = 3.416 ns ( 32.25 % )
    Info: Total interconnect delay = 7.176 ns ( 67.75 % )
Info: Quartus II Classic Timing Analyzer was successful. 0 errors, 0 warnings
    Info: Peak virtual memory: 199 megabytes
    Info: Processing ended: Sat Dec 05 18:23:21 2020
    Info: Elapsed time: 00:00:00
    Info: Total CPU time (on all processors): 00:00:00


